Microchip MPLAB XC8 Compiler V1.33 ()

Linker command line:

-W-3 --edf=C:\Program Files\Microchip\xc8\v1.33\dat\en_msgs.txt -cs \
  -h+dist/default/production\tarjeta_robot.X.production.sym \
  --cmf=dist/default/production\tarjeta_robot.X.production.cmf -z -Q18F4550 \
  -oC:\Users\MCC\AppData\Local\Temp\s4u8.6 \
  -Mdist/default/production/tarjeta_robot.X.production.map -E1 -ver=XC8 \
  -ASTACK=0128h-07ffh -pstack=STACK -ACODE=00h-07FFFh -ACONST=00h-07FFFh \
  -ASMALLCONST=0800h-08FFhx120 -AMEDIUMCONST=0800h-07FFFh -ACOMRAM=01h-05Fh \
  -AABS1=00h-07FFh -ABIGRAM=01h-07FFh -ARAM=060h-0FFh,0100h-01FFhx7 \
  -ABANK0=060h-0FFh -ABANK1=0100h-01FFh -ABANK2=0200h-02FFh \
  -ABANK3=0300h-03FFh -ABANK4=0400h-04FFh -ABANK5=0500h-05FFh \
  -ABANK6=0600h-06FFh -ABANK7=0700h-07FFh -ASFR=0F60h-0FFFh \
  -preset_vec=00h,intcode=08h,intcodelo,powerup,init,end_init \
  -pramtop=0800h -psmallconst=SMALLCONST -pmediumconst=MEDIUMCONST \
  -pconst=CONST -AFARRAM=00h-00h -ACONFIG=0300000h-030000Dh -pconfig=CONFIG \
  -AIDLOC=0200000h-0200007h -pidloc=IDLOC -AEEDATA=0F00000h-0F000FFh \
  -peeprom_data=EEDATA \
  -prdata=COMRAM,nvrram=COMRAM,nvbit=COMRAM,rbss=COMRAM,rbit=COMRAM \
  -pfarbss=FARRAM,fardata=FARRAM,nvFARRAM=FARRAM \
  -pintsave_regs=BIGRAM,bigbss=BIGRAM,bigdata=BIGRAM -pbss=RAM \
  -pidata=CODE,irdata=CODE,ibigdata=CODE,ifardata=CODE \
  C:\Users\MCC\AppData\Local\Temp\s4u8.obj \
  dist/default/production\tarjeta_robot.X.production.obj 

Object code version is 3.11

Machine type is 18F4550

Call graph: (short form)




                Name                               Link     Load   Length Selector   Space Scale
C:\Users\MCC\AppData\Local\Temp\s4u8.obj
                end_init                             18       18        4        4       0
                reset_vec                             0        0        4        0       0
                idloc                            200000   200000        8   200000       0
                config                           300000   300000        E   300000       0
dist/default/production\tarjeta_robot.X.production.obj
                intcode                               8        8       10        4       0
                smallconst                          800      800       6C      400       0
                text56                             1D0C     1D0C       1E      436       0
                text55                             1C30     1C30       3A      436       0
                text54                             13F8     13F8       A8      436       0
                text53                              FDC      FDC       E4      436       0
                text52                             1198     1198       D4      436       0
                text51                             1CE8     1CE8       24      436       0
                text50                             1908     1908       6A      436       0
                text49                             1BF6     1BF6       3A      436       0
                text48                             189E     189E       6A      436       0
                text47                             1E2C     1E2C        A      436       0
                text46                             1E10     1E10       12      436       0
                text45                             1E60     1E60        6      436       0
                text44                             1E5A     1E5A        6      436       0
                text43                             1D9C     1D9C       16      436       0
                text42                             1E54     1E54        6      436       0
                text41                             1E4E     1E4E        6      436       0
                text40                             1D86     1D86       16      436       0
                intcode_body                        EE8      EE8       F4      436       0
                text38                             1BB2     1BB2       44      436       0
                text37                             1AE0     1AE0       48      436       0
                text36                              CEA      CEA      10A      436       0
                text35                              A3C      A3C      164      436       0
                text34                              BA0      BA0      14A      436       0
                text33                             1C6A     1C6A       32      436       0
                text32                             1734     1734       7C      436       0
                text31                             1A98     1A98       48      436       0
                text30                             16B8     16B8       7C      436       0
                text29                             1E22     1E22        A      436       0
                text28                             1DFE     1DFE       12      436       0
                text27                             1E48     1E48        6      436       0
                text26                             1E42     1E42        6      436       0
                text25                             1D70     1D70       16      436       0
                text24                             1E3C     1E3C        6      436       0
                text23                             1E36     1E36        6      436       0
                text22                             1D5A     1D5A       16      436       0
                text21                              DF4      DF4       F4      436       0
                text20                             1638     1638       80      436       0
                text19                             1D44     1D44       16      436       0
                text18                             1DC6     1DC6       14      436       0
                text17                             17B0     17B0       78      436       0
                text16                             1A38     1A38       60      436       0
                text15                              86C      86C      1D0      436       0
                text14                             15B2     15B2       86      436       0
                text13                             152A     152A       88      436       0
                text12                             1828     1828       76      436       0
                text11                             1B28     1B28       46      436       0
                text10                             1972     1972       64      436       0
                text9                              1DEC     1DEC       12      436       0
                text8                              133A     133A       BE      436       0
                text7                              1D2A     1D2A       1A      436       0
                text6                              126C     126C       CE      436       0
                text5                              1DB2     1DB2       14      436       0
                text4                              1CC2     1CC2       26      436       0
                text3                              1B6E     1B6E       44      436       0
                text2                              1C9C     1C9C       26      436       0
                text1                              10C0     10C0       D8      436       0
                text0                              14A0     14A0       8A      436       0
                cstackCOMRAM                          1        1       41        1       1
                cstackBANK0                          AC       AC       38       60       1
                bssBANK1                            100      100       28      100       1
                dataBANK0                            E4       E4       12       60       1
                bssBANK0                             60       60       4C       60       1
                dataCOMRAM                           5E       5E        2        1       1
                bssCOMRAM                            42       42       1C        1       1
                cinit                              19D6     19D6       62      436       0
                idataBANK0                         1DDA     1DDA       12      436       0
                idataCOMRAM                        1E66     1E66        2      436       0

TOTAL           Name                               Link     Load   Length     Space
        CLASS   STACK          

        CLASS   CODE           
                end_init                             18       18        4         0
                intcode                               8        8       10         0
                reset_vec                             0        0        4         0
                text56                             1D0C     1D0C       1E         0
                text55                             1C30     1C30       3A         0
                text54                             13F8     13F8       A8         0
                text53                              FDC      FDC       E4         0
                text52                             1198     1198       D4         0
                text51                             1CE8     1CE8       24         0
                text50                             1908     1908       6A         0
                text49                             1BF6     1BF6       3A         0
                text48                             189E     189E       6A         0
                text47                             1E2C     1E2C        A         0
                text46                             1E10     1E10       12         0
                text45                             1E60     1E60        6         0
                text44                             1E5A     1E5A        6         0
                text43                             1D9C     1D9C       16         0
                text42                             1E54     1E54        6         0
                text41                             1E4E     1E4E        6         0
                text40                             1D86     1D86       16         0
                intcode_body                        EE8      EE8       F4         0
                text38                             1BB2     1BB2       44         0
                text37                             1AE0     1AE0       48         0
                text36                              CEA      CEA      10A         0
                text35                              A3C      A3C      164         0
                text34                              BA0      BA0      14A         0
                text33                             1C6A     1C6A       32         0
                text32                             1734     1734       7C         0
                text31                             1A98     1A98       48         0
                text30                             16B8     16B8       7C         0
                text29                             1E22     1E22        A         0
                text28                             1DFE     1DFE       12         0
                text27                             1E48     1E48        6         0
                text26                             1E42     1E42        6         0
                text25                             1D70     1D70       16         0
                text24                             1E3C     1E3C        6         0
                text23                             1E36     1E36        6         0
                text22                             1D5A     1D5A       16         0
                text21                              DF4      DF4       F4         0
                text20                             1638     1638       80         0
                text19                             1D44     1D44       16         0
                text18                             1DC6     1DC6       14         0
                text17                             17B0     17B0       78         0
                text16                             1A38     1A38       60         0
                text15                              86C      86C      1D0         0
                text14                             15B2     15B2       86         0
                text13                             152A     152A       88         0
                text12                             1828     1828       76         0
                text11                             1B28     1B28       46         0
                text10                             1972     1972       64         0
                text9                              1DEC     1DEC       12         0
                text8                              133A     133A       BE         0
                text7                              1D2A     1D2A       1A         0
                text6                              126C     126C       CE         0
                text5                              1DB2     1DB2       14         0
                text4                              1CC2     1CC2       26         0
                text3                              1B6E     1B6E       44         0
                text2                              1C9C     1C9C       26         0
                text1                              10C0     10C0       D8         0
                text0                              14A0     14A0       8A         0
                cinit                              19D6     19D6       62         0
                idataBANK0                         1DDA     1DDA       12         0
                idataCOMRAM                        1E66     1E66        2         0

        CLASS   CONST          

        CLASS   SMALLCONST     
                smallconst                          800      800       6C         0

        CLASS   MEDIUMCONST    

        CLASS   COMRAM         
                cstackCOMRAM                          1        1       41         1
                dataCOMRAM                           5E       5E        2         1
                bssCOMRAM                            42       42       1C         1

        CLASS   ABS1           

        CLASS   BIGRAM         

        CLASS   RAM            

        CLASS   BANK0          
                cstackBANK0                          AC       AC       38         1
                dataBANK0                            E4       E4       12         1
                bssBANK0                             60       60       4C         1

        CLASS   BANK1          
                bssBANK1                            100      100       28         1

        CLASS   BANK2          

        CLASS   BANK3          

        CLASS   BANK4          

        CLASS   BANK5          

        CLASS   BANK6          

        CLASS   BANK7          

        CLASS   SFR            

        CLASS   FARRAM         

        CLASS   CONFIG         
                config                           300000   300000        E         0

        CLASS   IDLOC          
                idloc                            200000   200000        8         0

        CLASS   EEDATA         



SEGMENTS        Name                           Load    Length   Top    Selector   Space  Class

                reset_vec                      000000  000004  000004         0       0  CODE    
                cstackCOMRAM                   000001  00005F  000060         1       1  COMRAM  
                intcode                        000008  000014  00001C         4       0  CODE    
                bssBANK0                       000060  000096  0000F6        60       1  BANK0   
                bssBANK1                       000100  000028  000128       100       1  BANK1   
                smallconst                     000800  00006C  00086C       400       0  SMALLCON
                text15                         00086C  0015FC  001E68       436       0  CODE    
                idloc                          200000  000008  200008    200000       0  IDLOC   
                config                         300000  00000E  30000E    300000       0  CONFIG  


UNUSED ADDRESS RANGES

        Name                Unused          Largest block    Delta
        BANK0            0000F6-0000FF                A
        BANK1            000128-0001FF               D8
        BANK2            000200-0002FF              100
        BANK3            000300-0003FF              100
        BANK4            000400-0004FF              100
        BANK5            000500-0005FF              100
        BANK6            000600-0006FF              100
        BANK7            000700-0007FF              100
        BIGRAM           0000F6-0000FF                A
                         000128-0007FF              6D8
        CODE             000004-000007                4
                         00001C-0007FF              7E4
                         001E68-007FFF             6198
        CONST            000004-000007                4
                         00001C-0007FF              7E4
                         001E68-007FFF             6198
        EEDATA           F00000-F000FF              100
        MEDIUMCONST      001E68-007FFF             6198
        RAM              0000F6-0000FF                A
                         000128-0007FF              100
        SFR              000F60-000FFF               A0
        SMALLCONST       001E68-007FFF              100
        STACK            000128-0007FF              6D8

                                  Symbol Table

?___ftmul                       cstackBANK0  0000B8
?___ftpack                      cstackBANK0  0000AC
?___fttol                       cstackBANK0  0000C7
?___lbtoft                      cstackBANK0  0000B4
?___lwdiv                       cstackBANK0  0000AC
?___lwmod                       cstackBANK0  0000B3
?_getCNY70Value                 cstackBANK0  0000DF
?_sprintf                       cstackBANK0  0000B8
?i2___ftmul                     cstackCOMRAM 00000D
?i2___ftpack                    cstackCOMRAM 000001
?i2___fttol                     cstackCOMRAM 00001C
?i2___lbtoft                    cstackCOMRAM 000009
BT_Init@F5675                   dataBANK0    0000E4
BT_Init@nameBT                  cstackBANK0  0000BA
Comando_Tablet@sensed           cstackBANK0  0000E2
Inicializa_Driveby@i            cstackBANK0  0000E0
OpenPWM1@period                 cstackBANK0  0000AC
OpenPWM2@ccp2mx                 cstackBANK0  0000AE
OpenPWM2@period                 cstackBANK0  0000AD
OpenUSART@config                cstackBANK0  0000B1
OpenUSART@spbrg                 cstackBANK0  0000AC
PWM_DutyCycle1@DC               cstackBANK0  0000DD
PWM_DutyCycle1@DutyCycle        cstackBANK0  0000DA
PWM_DutyCycle1@percentageDuty   cstackBANK0  0000DC
PWM_DutyCycle2@DC               cstackBANK0  0000DD
PWM_DutyCycle2@DutyCycle        cstackBANK0  0000DA
PWM_DutyCycle2@percentageDuty   cstackBANK0  0000DC
PWM_init1@period                cstackBANK0  0000AD
PWM_init2@period                cstackBANK0  0000AF
Pause_ms@i                      cstackBANK0  0000AF
Pause_ms@x                      cstackBANK0  0000AC
Pause_seg@i                     cstackBANK0  0000B2
Pause_seg@x                     cstackBANK0  0000B1
ReadUSART@data                  cstackCOMRAM 000001
SendBlueToothCommand@command    cstackBANK0  0000B6
SendBlueToothCommand@total      cstackBANK0  0000B8
SetDCPWM1@DCycle                cstackBANK0  0000B0
SetDCPWM1@dutycycle             cstackBANK0  0000AC
SetDCPWM2@DCycle                cstackBANK0  0000B0
SetDCPWM2@dutycycle             cstackBANK0  0000AC
UART1_Init@bdr                  cstackBANK0  0000B2
WriteUSART@data                 cstackBANK0  0000AC
_ADCON1bits                     (abs)        000FC1
_BT_Init                        text6        00126C
_BluetoothDato                  bssBANK0     000065
_CCP1CON                        (abs)        000FBD
_CCP2CON                        (abs)        000FBA
_CCPR1L                         (abs)        000FBE
_CCPR2L                         (abs)        000FBB
_CheckSum                       bssCOMRAM    00004A
_ComanBFlag                     bssCOMRAM    00004B
_ComanTFlag                     bssCOMRAM    00004C
_Comando                        bssCOMRAM    00004D
_ComandoTablet                  bssCOMRAM    00004E
_Comando_Tablet                 text12       001828
_DutyCycle                      bssBANK0     000060
_EntTrama                       bssCOMRAM    00004F
_FinComandB                     bssBANK0     000062
_FinComandT                     bssBANK0     000063
_INTCON                         (abs)        000FF2
_INTCON2bits                    (abs)        000FF1
_INTCON3bits                    (abs)        000FF0
_INTCONbits                     (abs)        000FF2
_Inicializa_Driveby             text1        0010C0
_InicioComando                  bssCOMRAM    000050
_Med_lsb                        bssCOMRAM    000042
_Med_msb                        bssCOMRAM    000044
_OSCCONbits                     (abs)        000FD3
_OpenPWM1                       text5        001DB2
_OpenPWM2                       text3        001B6E
_OpenUSART                      text20       001638
_PIE1                           (abs)        000F9D
_PIE1bits                       (abs)        000F9D
_PIR1bits                       (abs)        000F9E
_PORTA                          (abs)        000F80
_PORTAbits                      (abs)        000F80
_PORTB                          (abs)        000F81
_PORTBbits                      (abs)        000F81
_PORTC                          (abs)        000F82
_PORTD                          (abs)        000F83
_PORTDbits                      (abs)        000F83
_PORTE                          (abs)        000F84
_PR2                            (abs)        000FCB
_PWM_DutyCycle1                 text32       001734
_PWM_DutyCycle2                 text30       0016B8
_PWM_init1                      text4        001CC2
_PWM_init2                      text2        001C9C
_Pause_ms                       text11       001B28
_Pause_seg                      text10       001972
_RCREG                          (abs)        000FAE
_RCSTA                          (abs)        000FAB
_RCSTAbits                      (abs)        000FAB
_RXComandoTB                    bssCOMRAM    000051
_ReadUSART                      text56       001D0C
_SBUSART                        bssCOMRAM    000052
_SPBRG                          (abs)        000FAF
_SPBRGH                         (abs)        000FB0
_SendBlueToothCommand           text7        001D2A
_SetDCPWM1                      text37       001AE0
_SetDCPWM2                      text31       001A98
_T2CON                          (abs)        000FCA
_T2CONbits                      (abs)        000FCA
_TMR2                           (abs)        000FCC
_TMRO_USART                     intcode      000008
_TRISA                          (abs)        000F92
_TRISB                          (abs)        000F93
_TRISBbits                      (abs)        000F93
_TRISC                          (abs)        000F94
_TRISCbits                      (abs)        000F94
_TRISD                          (abs)        000F95
_TRISE                          (abs)        000F96
_TXREG                          (abs)        000FAD
_TXSTA                          (abs)        000FAC
_TXSTAbits                      (abs)        000FAC
_TamanhoTrama                   bssCOMRAM    000046
_Timer1                         bssCOMRAM    000053
_Timer2Config                   bssBANK0     0000AB
_TramaTablet                    bssBANK1     000100
_UART1_Init                     text19       001D44
_USART_Status                   bssCOMRAM    000054
_WriteUSART                     text18       001DC6
__CFG_BOR$OFF                   (abs)        000000
__CFG_BORV$3                    (abs)        000000
__CFG_CCP2MX$ON                 (abs)        000000
__CFG_CP0$OFF                   (abs)        000000
__CFG_CP1$OFF                   (abs)        000000
__CFG_CP2$OFF                   (abs)        000000
__CFG_CP3$OFF                   (abs)        000000
__CFG_CPB$OFF                   (abs)        000000
__CFG_CPD$OFF                   (abs)        000000
__CFG_CPUDIV$OSC1_PLL2          (abs)        000000
__CFG_DEBUG$OFF                 (abs)        000000
__CFG_EBTR0$OFF                 (abs)        000000
__CFG_EBTR1$OFF                 (abs)        000000
__CFG_EBTR2$OFF                 (abs)        000000
__CFG_EBTR3$OFF                 (abs)        000000
__CFG_EBTRB$OFF                 (abs)        000000
__CFG_FCMEN$OFF                 (abs)        000000
__CFG_FOSC$INTOSCIO_EC          (abs)        000000
__CFG_ICPRT$OFF                 (abs)        000000
__CFG_IESO$OFF                  (abs)        000000
__CFG_LPT1OSC$OFF               (abs)        000000
__CFG_LVP$OFF                   (abs)        000000
__CFG_MCLRE$ON                  (abs)        000000
__CFG_PBADEN$OFF                (abs)        000000
__CFG_PLLDIV$1                  (abs)        000000
__CFG_PWRT$OFF                  (abs)        000000
__CFG_STVREN$ON                 (abs)        000000
__CFG_USBDIV$2                  (abs)        000000
__CFG_VREGEN$OFF                (abs)        000000
__CFG_WDT$OFF                   (abs)        000000
__CFG_WDTPS$32768               (abs)        000000
__CFG_WRT0$OFF                  (abs)        000000
__CFG_WRT1$OFF                  (abs)        000000
__CFG_WRT2$OFF                  (abs)        000000
__CFG_WRT3$OFF                  (abs)        000000
__CFG_WRTB$OFF                  (abs)        000000
__CFG_WRTC$OFF                  (abs)        000000
__CFG_WRTD$OFF                  (abs)        000000
__CFG_XINST$OFF                 (abs)        000000
__HRAM                          (abs)        000000
__Habs1                         abs1         000000
__Hbank0                        bank0        000000
__Hbank1                        bank1        000000
__Hbank2                        bank2        000000
__Hbank3                        bank3        000000
__Hbank4                        bank4        000000
__Hbank5                        bank5        000000
__Hbank6                        bank6        000000
__Hbank7                        bank7        000000
__Hbigbss                       bigbss       000000
__Hbigdata                      bigdata      000000
__Hbigram                       bigram       000000
__Hbss                          bss          000000
__HbssBANK0                     bssBANK0     000000
__HbssBANK1                     bssBANK1     000000
__HbssCOMRAM                    bssCOMRAM    000000
__Hcinit                        cinit        000000
__Hclrtext                      clrtext      000000
__Hcomram                       comram       000000
__Hconfig                       config       30000E
__Hconst                        const        000000
__HcstackBANK0                  cstackBANK0  000000
__HcstackCOMRAM                 cstackCOMRAM 000000
__Hdata                         data         000000
__HdataBANK0                    dataBANK0    000000
__HdataCOMRAM                   dataCOMRAM   000000
__Heeprom_data                  eeprom_data  000000
__Hend_init                     end_init     00001C
__Hfarbss                       farbss       000000
__Hfardata                      fardata      000000
__Hibigdata                     ibigdata     000000
__Hidata                        idata        000000
__HidataBANK0                   idataBANK0   000000
__HidataCOMRAM                  idataCOMRAM  000000
__Hidloc                        idloc        200008
__Hifardata                     ifardata     000000
__Hinit                         init         000018
__Hintcode                      intcode      000018
__Hintcode_body                 intcode_body 000000
__Hintcodelo                    intcodelo    000018
__Hintentry                     intentry     000000
__Hintret                       intret       000000
__Hintsave_regs                 intsave_regs 000000
__Hirdata                       irdata       000000
__Hmediumconst                  mediumconst  000000
__HnvFARRAM                     nvFARRAM     000000
__Hnvbit                        nvbit        000000
__Hnvrram                       nvrram       000000
__Hparam                        rparam       000000
__Hpowerup                      powerup      000018
__Hram                          ram          000000
__Hramtop                       ramtop       000800
__Hrbit                         rbit         000000
__Hrbss                         rbss         000000
__Hrdata                        rdata        000000
__Hreset_vec                    reset_vec    000004
__Hrparam                       rparam       000000
__Hsfr                          sfr          000000
__Hsmallconst                   smallconst   00086C
__Hspace_0                      (abs)        30000E
__Hspace_1                      (abs)        000128
__Hspace_2                      (abs)        000000
__Hstack                        stack        000000
__Hstruct                       struct       000000
__Htemp                         temp         000000
__Htext                         text         000000
__Htext0                        text0        000000
__Htext1                        text1        000000
__Htext10                       text10       000000
__Htext11                       text11       000000
__Htext12                       text12       000000
__Htext13                       text13       000000
__Htext14                       text14       000000
__Htext15                       text15       000000
__Htext16                       text16       000000
__Htext17                       text17       000000
__Htext18                       text18       000000
__Htext19                       text19       000000
__Htext2                        text2        000000
__Htext20                       text20       000000
__Htext21                       text21       000000
__Htext22                       text22       000000
__Htext23                       text23       000000
__Htext24                       text24       000000
__Htext25                       text25       000000
__Htext26                       text26       000000
__Htext27                       text27       000000
__Htext28                       text28       000000
__Htext29                       text29       000000
__Htext3                        text3        000000
__Htext30                       text30       000000
__Htext31                       text31       000000
__Htext32                       text32       000000
__Htext33                       text33       000000
__Htext34                       text34       000000
__Htext35                       text35       000000
__Htext36                       text36       000000
__Htext37                       text37       000000
__Htext38                       text38       000000
__Htext4                        text4        000000
__Htext40                       text40       000000
__Htext41                       text41       000000
__Htext42                       text42       000000
__Htext43                       text43       000000
__Htext44                       text44       000000
__Htext45                       text45       000000
__Htext46                       text46       000000
__Htext47                       text47       000000
__Htext48                       text48       000000
__Htext49                       text49       000000
__Htext5                        text5        000000
__Htext50                       text50       000000
__Htext51                       text51       000000
__Htext52                       text52       000000
__Htext53                       text53       000000
__Htext54                       text54       000000
__Htext55                       text55       000000
__Htext56                       text56       000000
__Htext6                        text6        000000
__Htext7                        text7        000000
__Htext8                        text8        000000
__Htext9                        text9        000000
__LRAM                          (abs)        000001
__Labs1                         abs1         000000
__Lbank0                        bank0        000000
__Lbank1                        bank1        000000
__Lbank2                        bank2        000000
__Lbank3                        bank3        000000
__Lbank4                        bank4        000000
__Lbank5                        bank5        000000
__Lbank6                        bank6        000000
__Lbank7                        bank7        000000
__Lbigbss                       bigbss       000000
__Lbigdata                      bigdata      000000
__Lbigram                       bigram       000000
__Lbss                          bss          000000
__LbssBANK0                     bssBANK0     000000
__LbssBANK1                     bssBANK1     000000
__LbssCOMRAM                    bssCOMRAM    000000
__Lcinit                        cinit        000000
__Lclrtext                      clrtext      000000
__Lcomram                       comram       000000
__Lconfig                       config       300000
__Lconst                        const        000000
__LcstackBANK0                  cstackBANK0  000000
__LcstackCOMRAM                 cstackCOMRAM 000000
__Ldata                         data         000000
__LdataBANK0                    dataBANK0    000000
__LdataCOMRAM                   dataCOMRAM   000000
__Leeprom_data                  eeprom_data  000000
__Lend_init                     end_init     000018
__Lfarbss                       farbss       000000
__Lfardata                      fardata      000000
__Libigdata                     ibigdata     000000
__Lidata                        idata        000000
__LidataBANK0                   idataBANK0   000000
__LidataCOMRAM                  idataCOMRAM  000000
__Lidloc                        idloc        200000
__Lifardata                     ifardata     000000
__Linit                         init         000018
__Lintcode                      intcode      000008
__Lintcode_body                 intcode_body 000000
__Lintcodelo                    intcodelo    000018
__Lintentry                     intentry     000000
__Lintret                       intret       000000
__Lintsave_regs                 intsave_regs 000000
__Lirdata                       irdata       000000
__Lmediumconst                  mediumconst  000000
__LnvFARRAM                     nvFARRAM     000000
__Lnvbit                        nvbit        000000
__Lnvrram                       nvrram       000000
__Lparam                        rparam       000000
__Lpowerup                      powerup      000018
__Lram                          ram          000000
__Lramtop                       ramtop       000800
__Lrbit                         rbit         000000
__Lrbss                         rbss         000000
__Lrdata                        rdata        000000
__Lreset_vec                    reset_vec    000000
__Lrparam                       rparam       000000
__Lsfr                          sfr          000000
__Lsmallconst                   smallconst   000800
__Lspace_0                      (abs)        000000
__Lspace_1                      (abs)        000000
__Lspace_2                      (abs)        000000
__Lstack                        stack        000000
__Lstruct                       struct       000000
__Ltemp                         temp         000000
__Ltext                         text         000000
__Ltext0                        text0        000000
__Ltext1                        text1        000000
__Ltext10                       text10       000000
__Ltext11                       text11       000000
__Ltext12                       text12       000000
__Ltext13                       text13       000000
__Ltext14                       text14       000000
__Ltext15                       text15       000000
__Ltext16                       text16       000000
__Ltext17                       text17       000000
__Ltext18                       text18       000000
__Ltext19                       text19       000000
__Ltext2                        text2        000000
__Ltext20                       text20       000000
__Ltext21                       text21       000000
__Ltext22                       text22       000000
__Ltext23                       text23       000000
__Ltext24                       text24       000000
__Ltext25                       text25       000000
__Ltext26                       text26       000000
__Ltext27                       text27       000000
__Ltext28                       text28       000000
__Ltext29                       text29       000000
__Ltext3                        text3        000000
__Ltext30                       text30       000000
__Ltext31                       text31       000000
__Ltext32                       text32       000000
__Ltext33                       text33       000000
__Ltext34                       text34       000000
__Ltext35                       text35       000000
__Ltext36                       text36       000000
__Ltext37                       text37       000000
__Ltext38                       text38       000000
__Ltext4                        text4        000000
__Ltext40                       text40       000000
__Ltext41                       text41       000000
__Ltext42                       text42       000000
__Ltext43                       text43       000000
__Ltext44                       text44       000000
__Ltext45                       text45       000000
__Ltext46                       text46       000000
__Ltext47                       text47       000000
__Ltext48                       text48       000000
__Ltext49                       text49       000000
__Ltext5                        text5        000000
__Ltext50                       text50       000000
__Ltext51                       text51       000000
__Ltext52                       text52       000000
__Ltext53                       text53       000000
__Ltext54                       text54       000000
__Ltext55                       text55       000000
__Ltext56                       text56       000000
__Ltext6                        text6        000000
__Ltext7                        text7        000000
__Ltext8                        text8        000000
__Ltext9                        text9        000000
__S0                            (abs)        30000E
__S1                            (abs)        000128
__S2                            (abs)        000000
___ftmul                        text35       000A3C
___ftmul@cntr                   cstackBANK0  0000C5
___ftmul@exp                    cstackBANK0  0000C1
___ftmul@f1                     cstackBANK0  0000B8
___ftmul@f2                     cstackBANK0  0000BB
___ftmul@f3_as_product          cstackBANK0  0000C2
___ftmul@sign                   cstackBANK0  0000C6
___ftpack                       text36       000CEA
___ftpack@arg                   cstackBANK0  0000AC
___ftpack@exp                   cstackBANK0  0000AF
___ftpack@sign                  cstackBANK0  0000B0
___fttol                        text34       000BA0
___fttol@exp1                   cstackBANK0  0000D5
___fttol@f1                     cstackBANK0  0000C7
___fttol@lval                   cstackBANK0  0000D1
___fttol@sign1                  cstackBANK0  0000D0
___inthi_sp                     stack        000000
___intlo_sp                     stack        000000
___lbtoft                       text33       001C6A
___lbtoft@c                     cstackBANK0  0000B7
___lwdiv                        text17       0017B0
___lwdiv@counter                cstackBANK0  0000B2
___lwdiv@dividend               cstackBANK0  0000AC
___lwdiv@divisor                cstackBANK0  0000AE
___lwdiv@quotient               cstackBANK0  0000B0
___lwmod                        text16       001A38
___lwmod@counter                cstackBANK0  0000B7
___lwmod@dividend               cstackBANK0  0000B3
___lwmod@divisor                cstackBANK0  0000B5
___sp                           stack        000000
__accesstop                     (abs)        000060
__activetblptr                  (abs)        000003
__end_of_BT_Init                text6        00133A
__end_of_Comando_Tablet         text12       00189E
__end_of_Inicializa_Driveby     text1        001198
__end_of_OpenPWM1               text5        001DC6
__end_of_OpenPWM2               text3        001BB2
__end_of_OpenUSART              text20       0016B8
__end_of_PWM_DutyCycle1         text32       0017B0
__end_of_PWM_DutyCycle2         text30       001734
__end_of_PWM_init1              text4        001CE8
__end_of_PWM_init2              text2        001CC2
__end_of_Pause_ms               text11       001B6E
__end_of_Pause_seg              text10       0019D6
__end_of_ReadUSART              text56       001D2A
__end_of_SendBlueToothCommand   text7        001D44
__end_of_SetDCPWM1              text37       001B28
__end_of_SetDCPWM2              text31       001AE0
__end_of_TMRO_USART             intcode_body 000FDC
__end_of_UART1_Init             text19       001D5A
__end_of_WriteUSART             text18       001DDA
__end_of___ftmul                text35       000BA0
__end_of___ftpack               text36       000DF4
__end_of___fttol                text34       000CEA
__end_of___lbtoft               text33       001C9C
__end_of___lwdiv                text17       001828
__end_of___lwmod                text16       001A98
__end_of__initialization        cinit        001A32
__end_of__stringdata            smallconst   00086A
__end_of_clrBufferUSART         text38       001BF6
__end_of_dpowers                smallconst   00080B
__end_of_getCNY70Value          text21       000EE8
__end_of_go_straight            text28       001E10
__end_of_left                   text25       001D86
__end_of_main                   text0        00152A
__end_of_motor_Backforward1     text24       001E42
__end_of_motor_Backforward2     text27       001E4E
__end_of_motor_forward          text29       001E2C
__end_of_motor_forward1         text23       001E3C
__end_of_motor_forward2         text26       001E48
__end_of_putSTRINGU1            text8        0013F8
__end_of_putcBluetoothInt       text14       001638
__end_of_putcBluetoothString    text13       0015B2
__end_of_putcTxU1               text9        001DFE
__end_of_right                  text22       001D70
__end_of_sprintf                text15       000A3C
__end_ofi2_PWM_DutyCycle1       text50       001972
__end_ofi2_PWM_DutyCycle2       text48       001908
__end_ofi2_SetDCPWM1            text55       001C6A
__end_ofi2_SetDCPWM2            text49       001C30
__end_ofi2___ftmul              text53       0010C0
__end_ofi2___ftpack             text54       0014A0
__end_ofi2___fttol              text52       00126C
__end_ofi2___lbtoft             text51       001D0C
__end_ofi2_go_straight          text46       001E22
__end_ofi2_left                 text43       001DB2
__end_ofi2_motor_Backforward1   text42       001E5A
__end_ofi2_motor_Backforward2   text45       001E66
__end_ofi2_motor_forward        text47       001E36
__end_ofi2_motor_forward1       text41       001E54
__end_ofi2_motor_forward2       text44       001E60
__end_ofi2_right                text40       001D9C
__initialization                cinit        0019D6
__mediumconst                   mediumconst  000000
__pbssBANK0                     bssBANK0     000060
__pbssBANK1                     bssBANK1     000100
__pbssCOMRAM                    bssCOMRAM    000042
__pcinit                        cinit        0019D6
__pcstackBANK0                  cstackBANK0  0000AC
__pcstackCOMRAM                 cstackCOMRAM 000001
__pdataBANK0                    dataBANK0    0000E4
__pdataCOMRAM                   dataCOMRAM   00005E
__pidataBANK0                   idataBANK0   001DDA
__pidataCOMRAM                  idataCOMRAM  001E66
__pintcode                      intcode      000008
__pintcode_body                 intcode_body 000EE8
__psmallconst                   smallconst   000800
__ptext0                        text0        0014A0
__ptext1                        text1        0010C0
__ptext10                       text10       001972
__ptext11                       text11       001B28
__ptext12                       text12       001828
__ptext13                       text13       00152A
__ptext14                       text14       0015B2
__ptext15                       text15       00086C
__ptext16                       text16       001A38
__ptext17                       text17       0017B0
__ptext18                       text18       001DC6
__ptext19                       text19       001D44
__ptext2                        text2        001C9C
__ptext20                       text20       001638
__ptext21                       text21       000DF4
__ptext22                       text22       001D5A
__ptext23                       text23       001E36
__ptext24                       text24       001E3C
__ptext25                       text25       001D70
__ptext26                       text26       001E42
__ptext27                       text27       001E48
__ptext28                       text28       001DFE
__ptext29                       text29       001E22
__ptext3                        text3        001B6E
__ptext30                       text30       0016B8
__ptext31                       text31       001A98
__ptext32                       text32       001734
__ptext33                       text33       001C6A
__ptext34                       text34       000BA0
__ptext35                       text35       000A3C
__ptext36                       text36       000CEA
__ptext37                       text37       001AE0
__ptext38                       text38       001BB2
__ptext4                        text4        001CC2
__ptext40                       text40       001D86
__ptext41                       text41       001E4E
__ptext42                       text42       001E54
__ptext43                       text43       001D9C
__ptext44                       text44       001E5A
__ptext45                       text45       001E60
__ptext46                       text46       001E10
__ptext47                       text47       001E2C
__ptext48                       text48       00189E
__ptext49                       text49       001BF6
__ptext5                        text5        001DB2
__ptext50                       text50       001908
__ptext51                       text51       001CE8
__ptext52                       text52       001198
__ptext53                       text53       000FDC
__ptext54                       text54       0013F8
__ptext55                       text55       001C30
__ptext56                       text56       001D0C
__ptext6                        text6        00126C
__ptext7                        text7        001D2A
__ptext8                        text8        00133A
__ptext9                        text9        001DEC
__ramtop                        ramtop       000800
__size_of_BT_Init               (abs)        000000
__size_of_Comando_Tablet        (abs)        000000
__size_of_Inicializa_Driveby    (abs)        000000
__size_of_OpenPWM1              (abs)        000000
__size_of_OpenPWM2              (abs)        000000
__size_of_OpenUSART             (abs)        000000
__size_of_PWM_DutyCycle1        (abs)        000000
__size_of_PWM_DutyCycle2        (abs)        000000
__size_of_PWM_init1             (abs)        000000
__size_of_PWM_init2             (abs)        000000
__size_of_Pause_ms              (abs)        000000
__size_of_Pause_seg             (abs)        000000
__size_of_ReadUSART             (abs)        000000
__size_of_SendBlueToothCommand  (abs)        000000
__size_of_SetDCPWM1             (abs)        000000
__size_of_SetDCPWM2             (abs)        000000
__size_of_TMRO_USART            (abs)        000000
__size_of_UART1_Init            (abs)        000000
__size_of_WriteUSART            (abs)        000000
__size_of___ftmul               (abs)        000000
__size_of___ftpack              (abs)        000000
__size_of___fttol               (abs)        000000
__size_of___lbtoft              (abs)        000000
__size_of___lwdiv               (abs)        000000
__size_of___lwmod               (abs)        000000
__size_of_clrBufferUSART        (abs)        000000
__size_of_getCNY70Value         (abs)        000000
__size_of_go_straight           (abs)        000000
__size_of_left                  (abs)        000000
__size_of_main                  (abs)        000000
__size_of_motor_Backforward1    (abs)        000000
__size_of_motor_Backforward2    (abs)        000000
__size_of_motor_forward         (abs)        000000
__size_of_motor_forward1        (abs)        000000
__size_of_motor_forward2        (abs)        000000
__size_of_putSTRINGU1           (abs)        000000
__size_of_putcBluetoothInt      (abs)        000000
__size_of_putcBluetoothString   (abs)        000000
__size_of_putcTxU1              (abs)        000000
__size_of_right                 (abs)        000000
__size_of_sprintf               (abs)        000000
__size_ofi2_PWM_DutyCycle1      (abs)        000000
__size_ofi2_PWM_DutyCycle2      (abs)        000000
__size_ofi2_SetDCPWM1           (abs)        000000
__size_ofi2_SetDCPWM2           (abs)        000000
__size_ofi2___ftmul             (abs)        000000
__size_ofi2___ftpack            (abs)        000000
__size_ofi2___fttol             (abs)        000000
__size_ofi2___lbtoft            (abs)        000000
__size_ofi2_go_straight         (abs)        000000
__size_ofi2_left                (abs)        000000
__size_ofi2_motor_Backforward1  (abs)        000000
__size_ofi2_motor_Backforward2  (abs)        000000
__size_ofi2_motor_forward       (abs)        000000
__size_ofi2_motor_forward1      (abs)        000000
__size_ofi2_motor_forward2      (abs)        000000
__size_ofi2_right               (abs)        000000
__smallconst                    smallconst   000800
__stringdata                    smallconst   00080B
_array                          bssBANK1     000114
_cad                            bssCOMRAM    000055
_cleanBfer                      bssBANK0     000064
_clrBufferUSART                 text38       001BB2
_comando                        bssBANK0     000097
_contador                       bssCOMRAM    000056
_contador2                      bssCOMRAM    000057
_countup                        dataCOMRAM   00005E
_dpowers                        smallconst   000801
_getCNY70Value                  text21       000DF4
_go_straight                    text28       001DFE
_i                              bssCOMRAM    000048
_j                              bssCOMRAM    000058
_left                           text25       001D70
_lenght                         bssCOMRAM    000059
_main                           text0        0014A0
_motor_Backforward1             text24       001E3C
_motor_Backforward2             text27       001E48
_motor_forward                  text29       001E22
_motor_forward1                 text23       001E36
_motor_forward2                 text26       001E42
_num_med_hi                     bssCOMRAM    00005A
_num_med_low                    bssCOMRAM    00005B
_num_med_medium                 bssCOMRAM    00005C
_packet                         bssCOMRAM    00005D
_putSTRINGU1                    text8        00133A
_putcBluetoothInt               text14       0015B2
_putcBluetoothString            text13       00152A
_putcTxU1                       text9        001DEC
_right                          text22       001D5A
_sprintf                        text15       00086C
clrBufferUSART@i                cstackBANK0  0000AC
end_of_initialization           cinit        001A32
i2PWM_DutyCycle1@DC             cstackCOMRAM 000032
i2PWM_DutyCycle1@DutyCycle      cstackCOMRAM 00002F
i2PWM_DutyCycle1@percentageDuty cstackCOMRAM 000031
i2PWM_DutyCycle2@DC             cstackCOMRAM 000032
i2PWM_DutyCycle2@DutyCycle      cstackCOMRAM 00002F
i2PWM_DutyCycle2@percentageDuty cstackCOMRAM 000031
i2SetDCPWM1@DCycle              cstackCOMRAM 000005
i2SetDCPWM1@dutycycle           cstackCOMRAM 000001
i2SetDCPWM2@DCycle              cstackCOMRAM 000005
i2SetDCPWM2@dutycycle           cstackCOMRAM 000001
i2_PWM_DutyCycle1               text50       001908
i2_PWM_DutyCycle2               text48       00189E
i2_SetDCPWM1                    text55       001C30
i2_SetDCPWM2                    text49       001BF6
i2___ftmul                      text53       000FDC
i2___ftmul@cntr                 cstackCOMRAM 00001A
i2___ftmul@exp                  cstackCOMRAM 000016
i2___ftmul@f1                   cstackCOMRAM 00000D
i2___ftmul@f2                   cstackCOMRAM 000010
i2___ftmul@f3_as_product        cstackCOMRAM 000017
i2___ftmul@sign                 cstackCOMRAM 00001B
i2___ftpack                     text54       0013F8
i2___ftpack@arg                 cstackCOMRAM 000001
i2___ftpack@exp                 cstackCOMRAM 000004
i2___ftpack@sign                cstackCOMRAM 000005
i2___fttol                      text52       001198
i2___fttol@exp1                 cstackCOMRAM 00002A
i2___fttol@f1                   cstackCOMRAM 00001C
i2___fttol@lval                 cstackCOMRAM 000026
i2___fttol@sign1                cstackCOMRAM 000025
i2___lbtoft                     text51       001CE8
i2___lbtoft@c                   cstackCOMRAM 00000C
i2_go_straight                  text46       001E10
i2_left                         text43       001D9C
i2_motor_Backforward1           text42       001E54
i2_motor_Backforward2           text45       001E60
i2_motor_forward                text47       001E2C
i2_motor_forward1               text41       001E4E
i2_motor_forward2               text44       001E5A
i2_right                        text40       001D86
int_func                        intcode_body 000EE8
intlevel0                       text         000000
intlevel1                       text         000000
intlevel2                       text         000000
intlevel3                       text         000000
putSTRINGU1@cont                cstackBANK0  0000B5
putSTRINGU1@dato                cstackBANK0  0000AE
putSTRINGU1@last                cstackBANK0  0000B4
putSTRINGU1@total               cstackBANK0  0000B0
putcBluetoothInt@a              cstackBANK0  0000CA
putcBluetoothInt@i              cstackBANK0  0000E0
putcBluetoothInt@s              cstackBANK0  0000CC
putcBluetoothString@a           cstackBANK0  0000B3
putcBluetoothString@i           cstackBANK0  0000B7
putcTxU1@character              cstackBANK0  0000AD
sprintf@_val                    cstackBANK0  0000C4
sprintf@ap                      cstackBANK0  0000C0
sprintf@c                       cstackBANK0  0000C9
sprintf@f                       cstackBANK0  0000BA
sprintf@flag                    cstackBANK0  0000C2
sprintf@prec                    cstackBANK0  0000C3
sprintf@sp                      cstackBANK0  0000B8
stackhi                         (abs)        0007FF
stacklo                         (abs)        000128
start                           init         000018
start_initialization            cinit        0019D6


FUNCTION INFORMATION:

 *************** function _main *****************
 Defined at:
		line 157 in file "robot.c"
 Parameters:    Size  Location     Type
		None
 Auto vars:     Size  Location     Type
		None
 Return value:  Size  Location     Type
                  2  329[COMRAM] int 
 Registers used:
		wreg, fsr0l, fsr0h, fsr1l, fsr1h, fsr2l, fsr2h, status,2, status,0, tblptrl, tblptrh, tblptru, prodl, prodh, cstack
 Tracked objects:
		On entry : 
		On exit  : 
		Unchanged: 
 Data sizes:     COMRAM   BANK0   BANK1   BANK2   BANK3   BANK4   BANK5   BANK6   BANK7
      Params:         0       0       0       0       0       0       0       0       0
      Locals:         0       0       0       0       0       0       0       0       0
      Temps:          0       0       0       0       0       0       0       0       0
      Totals:         0       0       0       0       0       0       0       0       0
Total ram usage:        0 bytes
 Hardware stack levels required when called:   11
 This function calls:
		_Comando_Tablet
		_Inicializa_Driveby
		_UART1_Init
		_clrBufferUSART
		_getCNY70Value
 This function is called by:
		Startup code after reset
 This function uses a non-reentrant model


 *************** function _Inicializa_Driveby *****************
 Defined at:
		line 62 in file "Funciones_Db.c"
 Parameters:    Size  Location     Type
		None
 Auto vars:     Size  Location     Type
  i               2   52[BANK0 ] int 
 Return value:  Size  Location     Type
		None               void
 Registers used:
		wreg, fsr0l, fsr0h, fsr1l, fsr1h, fsr2l, fsr2h, status,2, status,0, tblptrl, tblptrh, tblptru, prodl, prodh, cstack
 Tracked objects:
		On entry : 
		On exit  : 
		Unchanged: 
 Data sizes:     COMRAM   BANK0   BANK1   BANK2   BANK3   BANK4   BANK5   BANK6   BANK7
      Params:         0       0       0       0       0       0       0       0       0
      Locals:         0       2       0       0       0       0       0       0       0
      Temps:          0       1       0       0       0       0       0       0       0
      Totals:         0       3       0       0       0       0       0       0       0
Total ram usage:        3 bytes
 Hardware stack levels used:    1
 Hardware stack levels required when called:   10
 This function calls:
		_BT_Init
		_PWM_DutyCycle1
		_PWM_DutyCycle2
		_PWM_init1
		_PWM_init2
		_Pause_seg
		_clrBufferUSART
 This function is called by:
		_main
 This function uses a non-reentrant model


 *************** function _PWM_init2 *****************
 Defined at:
		line 42 in file "pwm.c"
 Parameters:    Size  Location     Type
  period          1    wreg     unsigned char 
 Auto vars:     Size  Location     Type
  period          1    3[BANK0 ] unsigned char 
 Return value:  Size  Location     Type
		None               void
 Registers used:
		wreg, status,2, status,0, tblptrl, tblptrh, tblptru, cstack
 Tracked objects:
		On entry : 
		On exit  : 
		Unchanged: 
 Data sizes:     COMRAM   BANK0   BANK1   BANK2   BANK3   BANK4   BANK5   BANK6   BANK7
      Params:         0       0       0       0       0       0       0       0       0
      Locals:         0       1       0       0       0       0       0       0       0
      Temps:          0       0       0       0       0       0       0       0       0
      Totals:         0       1       0       0       0       0       0       0       0
Total ram usage:        1 bytes
 Hardware stack levels used:    1
 Hardware stack levels required when called:    6
 This function calls:
		_OpenPWM2
 This function is called by:
		_Inicializa_Driveby
 This function uses a non-reentrant model


 *************** function _OpenPWM2 *****************
 Defined at:
		line 18 in file "C:\Program Files\Microchip\xc8\v1.33\sources\pic18\plib\PWM\pw2open.c"
 Parameters:    Size  Location     Type
  period          1    wreg     unsigned char 
 Auto vars:     Size  Location     Type
  period          1    1[BANK0 ] unsigned char 
  ccp2mx          1    2[BANK0 ] unsigned char 
  pmmode          1    0        unsigned char 
 Return value:  Size  Location     Type
		None               void
 Registers used:
		wreg, status,2, tblptrl, tblptrh, tblptru
 Tracked objects:
		On entry : 
		On exit  : 
		Unchanged: 
 Data sizes:     COMRAM   BANK0   BANK1   BANK2   BANK3   BANK4   BANK5   BANK6   BANK7
      Params:         0       0       0       0       0       0       0       0       0
      Locals:         0       2       0       0       0       0       0       0       0
      Temps:          0       1       0       0       0       0       0       0       0
      Totals:         0       3       0       0       0       0       0       0       0
Total ram usage:        3 bytes
 Hardware stack levels used:    1
 Hardware stack levels required when called:    5
 This function calls:
		Nothing
 This function is called by:
		_PWM_init2
 This function uses a non-reentrant model


 *************** function _PWM_init1 *****************
 Defined at:
		line 20 in file "pwm.c"
 Parameters:    Size  Location     Type
  period          1    wreg     unsigned char 
 Auto vars:     Size  Location     Type
  period          1    1[BANK0 ] unsigned char 
 Return value:  Size  Location     Type
		None               void
 Registers used:
		wreg, status,2, status,0, cstack
 Tracked objects:
		On entry : 
		On exit  : 
		Unchanged: 
 Data sizes:     COMRAM   BANK0   BANK1   BANK2   BANK3   BANK4   BANK5   BANK6   BANK7
      Params:         0       0       0       0       0       0       0       0       0
      Locals:         0       1       0       0       0       0       0       0       0
      Temps:          0       0       0       0       0       0       0       0       0
      Totals:         0       1       0       0       0       0       0       0       0
Total ram usage:        1 bytes
 Hardware stack levels used:    1
 Hardware stack levels required when called:    6
 This function calls:
		_OpenPWM1
 This function is called by:
		_Inicializa_Driveby
 This function uses a non-reentrant model


 *************** function _OpenPWM1 *****************
 Defined at:
		line 8 in file "C:\Program Files\Microchip\xc8\v1.33\sources\pic18\plib\PWM\pw1open.c"
 Parameters:    Size  Location     Type
  period          1    wreg     unsigned char 
 Auto vars:     Size  Location     Type
  period          1    0[BANK0 ] unsigned char 
 Return value:  Size  Location     Type
		None               void
 Registers used:
		wreg, status,2, status,0
 Tracked objects:
		On entry : 
		On exit  : 
		Unchanged: 
 Data sizes:     COMRAM   BANK0   BANK1   BANK2   BANK3   BANK4   BANK5   BANK6   BANK7
      Params:         0       0       0       0       0       0       0       0       0
      Locals:         0       1       0       0       0       0       0       0       0
      Temps:          0       0       0       0       0       0       0       0       0
      Totals:         0       1       0       0       0       0       0       0       0
Total ram usage:        1 bytes
 Hardware stack levels used:    1
 Hardware stack levels required when called:    5
 This function calls:
		Nothing
 This function is called by:
		_PWM_init1
 This function uses a non-reentrant model


 *************** function _BT_Init *****************
 Defined at:
		line 16 in file "Bluetooth.c"
 Parameters:    Size  Location     Type
		None
 Auto vars:     Size  Location     Type
  nameBT         18   14[BANK0 ] unsigned char [18]
 Return value:  Size  Location     Type
		None               void
 Registers used:
		wreg, fsr0l, fsr0h, fsr1l, fsr1h, fsr2l, fsr2h, status,2, status,0, tblptrl, tblptrh, tblptru, prodl, prodh, cstack
 Tracked objects:
		On entry : 
		On exit  : 
		Unchanged: 
 Data sizes:     COMRAM   BANK0   BANK1   BANK2   BANK3   BANK4   BANK5   BANK6   BANK7
      Params:         0       0       0       0       0       0       0       0       0
      Locals:         0      18       0       0       0       0       0       0       0
      Temps:          0       0       0       0       0       0       0       0       0
      Totals:         0      18       0       0       0       0       0       0       0
Total ram usage:       18 bytes
 Hardware stack levels used:    1
 Hardware stack levels required when called:    9
 This function calls:
		_Pause_seg
		_SendBlueToothCommand
		_UART1_Init
 This function is called by:
		_Inicializa_Driveby
		_EstadoBluetooth
 This function uses a non-reentrant model


 *************** function _SendBlueToothCommand *****************
 Defined at:
		line 48 in file "Bluetooth.c"
 Parameters:    Size  Location     Type
  command         2   10[BANK0 ] PTR const unsigned char 
		 -> STR_4(9), STR_3(9), STR_2(15), STR_1(12), 
		 -> BT_Init@nameBT(18), 
  total           2   12[BANK0 ] unsigned int 
 Auto vars:     Size  Location     Type
		None
 Return value:  Size  Location     Type
		None               void
 Registers used:
		wreg, fsr0l, fsr0h, status,2, status,0, tblptrl, tblptrh, tblptru, prodl, prodh, cstack
 Tracked objects:
		On entry : 
		On exit  : 
		Unchanged: 
 Data sizes:     COMRAM   BANK0   BANK1   BANK2   BANK3   BANK4   BANK5   BANK6   BANK7
      Params:         0       4       0       0       0       0       0       0       0
      Locals:         0       0       0       0       0       0       0       0       0
      Temps:          0       0       0       0       0       0       0       0       0
      Totals:         0       4       0       0       0       0       0       0       0
Total ram usage:        4 bytes
 Hardware stack levels used:    1
 Hardware stack levels required when called:    8
 This function calls:
		_putSTRINGU1
 This function is called by:
		_BT_Init
 This function uses a non-reentrant model


 *************** function _putSTRINGU1 *****************
 Defined at:
		line 18 in file "UART1.c"
 Parameters:    Size  Location     Type
  dato            2    2[BANK0 ] PTR const unsigned char 
		 -> STR_4(9), STR_3(9), STR_2(15), STR_1(12), 
		 -> BT_Init@nameBT(18), 
  total           2    4[BANK0 ] unsigned int 
 Auto vars:     Size  Location     Type
  cont            1    9[BANK0 ] unsigned char 
  last            1    8[BANK0 ] unsigned char 
 Return value:  Size  Location     Type
		None               void
 Registers used:
		wreg, fsr0l, fsr0h, status,2, status,0, tblptrl, tblptrh, tblptru, prodl, prodh, cstack
 Tracked objects:
		On entry : 
		On exit  : 
		Unchanged: 
 Data sizes:     COMRAM   BANK0   BANK1   BANK2   BANK3   BANK4   BANK5   BANK6   BANK7
      Params:         0       4       0       0       0       0       0       0       0
      Locals:         0       2       0       0       0       0       0       0       0
      Temps:          0       2       0       0       0       0       0       0       0
      Totals:         0       8       0       0       0       0       0       0       0
Total ram usage:        8 bytes
 Hardware stack levels used:    1
 Hardware stack levels required when called:    7
 This function calls:
		_putcTxU1
 This function is called by:
		_SendBlueToothCommand
 This function uses a non-reentrant model


 *************** function _putcTxU1 *****************
 Defined at:
		line 12 in file "UART1.c"
 Parameters:    Size  Location     Type
  character       1    wreg     unsigned char 
 Auto vars:     Size  Location     Type
  character       1    1[BANK0 ] unsigned char 
 Return value:  Size  Location     Type
		None               void
 Registers used:
		wreg, status,2, cstack
 Tracked objects:
		On entry : 
		On exit  : 
		Unchanged: 
 Data sizes:     COMRAM   BANK0   BANK1   BANK2   BANK3   BANK4   BANK5   BANK6   BANK7
      Params:         0       0       0       0       0       0       0       0       0
      Locals:         0       1       0       0       0       0       0       0       0
      Temps:          0       0       0       0       0       0       0       0       0
      Totals:         0       1       0       0       0       0       0       0       0
Total ram usage:        1 bytes
 Hardware stack levels used:    1
 Hardware stack levels required when called:    6
 This function calls:
		_WriteUSART
 This function is called by:
		_putSTRINGU1
 This function uses a non-reentrant model


 *************** function _Pause_seg *****************
 Defined at:
		line 18 in file "Retardos.c"
 Parameters:    Size  Location     Type
  x               1    wreg     unsigned char 
 Auto vars:     Size  Location     Type
  x               1    5[BANK0 ] unsigned char 
  i               1    6[BANK0 ] unsigned char 
 Return value:  Size  Location     Type
		None               void
 Registers used:
		wreg, status,2, status,0, cstack
 Tracked objects:
		On entry : 
		On exit  : 
		Unchanged: 
 Data sizes:     COMRAM   BANK0   BANK1   BANK2   BANK3   BANK4   BANK5   BANK6   BANK7
      Params:         0       0       0       0       0       0       0       0       0
      Locals:         0       2       0       0       0       0       0       0       0
      Temps:          0       0       0       0       0       0       0       0       0
      Totals:         0       2       0       0       0       0       0       0       0
Total ram usage:        2 bytes
 Hardware stack levels used:    1
 Hardware stack levels required when called:    6
 This function calls:
		_Pause_ms
 This function is called by:
		_BT_Init
		_Inicializa_Driveby
		_EstadoBluetooth
 This function uses a non-reentrant model


 *************** function _Pause_ms *****************
 Defined at:
		line 11 in file "Retardos.c"
 Parameters:    Size  Location     Type
  x               2    0[BANK0 ] unsigned int 
 Auto vars:     Size  Location     Type
  i               2    3[BANK0 ] unsigned int 
 Return value:  Size  Location     Type
		None               void
 Registers used:
		wreg, status,2, status,0
 Tracked objects:
		On entry : 
		On exit  : 
		Unchanged: 
 Data sizes:     COMRAM   BANK0   BANK1   BANK2   BANK3   BANK4   BANK5   BANK6   BANK7
      Params:         0       2       0       0       0       0       0       0       0
      Locals:         0       2       0       0       0       0       0       0       0
      Temps:          0       1       0       0       0       0       0       0       0
      Totals:         0       5       0       0       0       0       0       0       0
Total ram usage:        5 bytes
 Hardware stack levels used:    1
 Hardware stack levels required when called:    5
 This function calls:
		Nothing
 This function is called by:
		_Pause_seg
 This function uses a non-reentrant model


 *************** function _Comando_Tablet *****************
 Defined at:
		line 126 in file "Funciones_Db.c"
 Parameters:    Size  Location     Type
		None
 Auto vars:     Size  Location     Type
  sensed          2   54[BANK0 ] int 
 Return value:  Size  Location     Type
		None               void
 Registers used:
		wreg, fsr2l, fsr2h, status,2, status,0, tblptrl, tblptrh, tblptru, prodl, prodh, cstack
 Tracked objects:
		On entry : 
		On exit  : 
		Unchanged: 
 Data sizes:     COMRAM   BANK0   BANK1   BANK2   BANK3   BANK4   BANK5   BANK6   BANK7
      Params:         0       0       0       0       0       0       0       0       0
      Locals:         0       2       0       0       0       0       0       0       0
      Temps:          0       0       0       0       0       0       0       0       0
      Totals:         0       2       0       0       0       0       0       0       0
Total ram usage:        2 bytes
 Hardware stack levels used:    1
 Hardware stack levels required when called:   10
 This function calls:
		_PWM_DutyCycle1
		_PWM_DutyCycle2
		_clrBufferUSART
		_getCNY70Value
		_putcBluetoothInt
		_putcBluetoothString
 This function is called by:
		_main
 This function uses a non-reentrant model


 *************** function _putcBluetoothString *****************
 Defined at:
		line 90 in file "Bluetooth.c"
 Parameters:    Size  Location     Type
  a               2    7[BANK0 ] PTR unsigned char 
		 -> STR_10(2), 
 Auto vars:     Size  Location     Type
  i               2   11[BANK0 ] int 
 Return value:  Size  Location     Type
		None               void
 Registers used:
		wreg, status,2, status,0, tblptrl, tblptrh, tblptru, cstack
 Tracked objects:
		On entry : 
		On exit  : 
		Unchanged: 
 Data sizes:     COMRAM   BANK0   BANK1   BANK2   BANK3   BANK4   BANK5   BANK6   BANK7
      Params:         0       2       0       0       0       0       0       0       0
      Locals:         0       2       0       0       0       0       0       0       0
      Temps:          0       2       0       0       0       0       0       0       0
      Totals:         0       6       0       0       0       0       0       0       0
Total ram usage:        6 bytes
 Hardware stack levels used:    1
 Hardware stack levels required when called:    7
 This function calls:
		_UART1_Init
		_WriteUSART
 This function is called by:
		_Comando_Tablet
 This function uses a non-reentrant model


 *************** function _putcBluetoothInt *****************
 Defined at:
		line 102 in file "Bluetooth.c"
 Parameters:    Size  Location     Type
  a               2   30[BANK0 ] int 
 Auto vars:     Size  Location     Type
  s              20   32[BANK0 ] unsigned char [20]
  i               2   52[BANK0 ] int 
 Return value:  Size  Location     Type
		None               void
 Registers used:
		wreg, fsr2l, fsr2h, status,2, status,0, tblptrl, tblptrh, tblptru, prodl, prodh, cstack
 Tracked objects:
		On entry : 
		On exit  : 
		Unchanged: 
 Data sizes:     COMRAM   BANK0   BANK1   BANK2   BANK3   BANK4   BANK5   BANK6   BANK7
      Params:         0       2       0       0       0       0       0       0       0
      Locals:         0      22       0       0       0       0       0       0       0
      Temps:          0       0       0       0       0       0       0       0       0
      Totals:         0      24       0       0       0       0       0       0       0
Total ram usage:       24 bytes
 Hardware stack levels used:    1
 Hardware stack levels required when called:    7
 This function calls:
		_UART1_Init
		_WriteUSART
		_sprintf
 This function is called by:
		_Comando_Tablet
 This function uses a non-reentrant model


 *************** function _sprintf *****************
 Defined at:
		line 492 in file "C:\Program Files\Microchip\xc8\v1.33\sources\common\doprnt.c"
 Parameters:    Size  Location     Type
  sp              2   12[BANK0 ] PTR unsigned char 
		 -> putcBluetoothInt@s(20), 
  f               2   14[BANK0 ] PTR const unsigned char 
		 -> STR_5(3), 
 Auto vars:     Size  Location     Type
  _val            5   24[BANK0 ] struct .
  ap              2   20[BANK0 ] PTR void [1]
		 -> ?_sprintf(2), 
  c               1   29[BANK0 ] char 
  prec            1   23[BANK0 ] char 
  flag            1   22[BANK0 ] unsigned char 
 Return value:  Size  Location     Type
                  2   12[BANK0 ] int 
 Registers used:
		wreg, fsr2l, fsr2h, status,2, status,0, tblptrl, tblptrh, tblptru, prodl, prodh, cstack
 Tracked objects:
		On entry : 
		On exit  : 
		Unchanged: 
 Data sizes:     COMRAM   BANK0   BANK1   BANK2   BANK3   BANK4   BANK5   BANK6   BANK7
      Params:         0       6       0       0       0       0       0       0       0
      Locals:         0      10       0       0       0       0       0       0       0
      Temps:          0       2       0       0       0       0       0       0       0
      Totals:         0      18       0       0       0       0       0       0       0
Total ram usage:       18 bytes
 Hardware stack levels used:    1
 Hardware stack levels required when called:    6
 This function calls:
		___lwdiv
		___lwmod
 This function is called by:
		_putcBluetoothInt
 This function uses a non-reentrant model


 *************** function ___lwmod *****************
 Defined at:
		line 8 in file "C:\Program Files\Microchip\xc8\v1.33\sources\common\lwmod.c"
 Parameters:    Size  Location     Type
  dividend        2    7[BANK0 ] unsigned int 
  divisor         2    9[BANK0 ] unsigned int 
 Auto vars:     Size  Location     Type
  counter         1   11[BANK0 ] unsigned char 
 Return value:  Size  Location     Type
                  2    7[BANK0 ] unsigned int 
 Registers used:
		wreg, status,2, status,0
 Tracked objects:
		On entry : 
		On exit  : 
		Unchanged: 
 Data sizes:     COMRAM   BANK0   BANK1   BANK2   BANK3   BANK4   BANK5   BANK6   BANK7
      Params:         0       4       0       0       0       0       0       0       0
      Locals:         0       1       0       0       0       0       0       0       0
      Temps:          0       0       0       0       0       0       0       0       0
      Totals:         0       5       0       0       0       0       0       0       0
Total ram usage:        5 bytes
 Hardware stack levels used:    1
 Hardware stack levels required when called:    5
 This function calls:
		Nothing
 This function is called by:
		_sprintf
 This function uses a non-reentrant model


 *************** function ___lwdiv *****************
 Defined at:
		line 8 in file "C:\Program Files\Microchip\xc8\v1.33\sources\common\lwdiv.c"
 Parameters:    Size  Location     Type
  dividend        2    0[BANK0 ] unsigned int 
  divisor         2    2[BANK0 ] unsigned int 
 Auto vars:     Size  Location     Type
  quotient        2    4[BANK0 ] unsigned int 
  counter         1    6[BANK0 ] unsigned char 
 Return value:  Size  Location     Type
                  2    0[BANK0 ] unsigned int 
 Registers used:
		wreg, status,2, status,0
 Tracked objects:
		On entry : 
		On exit  : 
		Unchanged: 
 Data sizes:     COMRAM   BANK0   BANK1   BANK2   BANK3   BANK4   BANK5   BANK6   BANK7
      Params:         0       4       0       0       0       0       0       0       0
      Locals:         0       3       0       0       0       0       0       0       0
      Temps:          0       0       0       0       0       0       0       0       0
      Totals:         0       7       0       0       0       0       0       0       0
Total ram usage:        7 bytes
 Hardware stack levels used:    1
 Hardware stack levels required when called:    5
 This function calls:
		Nothing
 This function is called by:
		_sprintf
 This function uses a non-reentrant model


 *************** function _WriteUSART *****************
 Defined at:
		line 13 in file "C:\Program Files\Microchip\xc8\v1.33\sources\pic18\plib\USART\uwrite.c"
 Parameters:    Size  Location     Type
  data            1    wreg     unsigned char 
 Auto vars:     Size  Location     Type
  data            1    0[BANK0 ] unsigned char 
 Return value:  Size  Location     Type
		None               void
 Registers used:
		wreg
 Tracked objects:
		On entry : 
		On exit  : 
		Unchanged: 
 Data sizes:     COMRAM   BANK0   BANK1   BANK2   BANK3   BANK4   BANK5   BANK6   BANK7
      Params:         0       0       0       0       0       0       0       0       0
      Locals:         0       1       0       0       0       0       0       0       0
      Temps:          0       0       0       0       0       0       0       0       0
      Totals:         0       1       0       0       0       0       0       0       0
Total ram usage:        1 bytes
 Hardware stack levels used:    1
 Hardware stack levels required when called:    5
 This function calls:
		Nothing
 This function is called by:
		_putcBluetoothString
		_putcBluetoothInt
		_putcTxU1
 This function uses a non-reentrant model


 *************** function _UART1_Init *****************
 Defined at:
		line 5 in file "UART1.c"
 Parameters:    Size  Location     Type
  bdr             1    wreg     unsigned char 
 Auto vars:     Size  Location     Type
  bdr             1    6[BANK0 ] unsigned char 
 Return value:  Size  Location     Type
		None               void
 Registers used:
		wreg, status,2, cstack
 Tracked objects:
		On entry : 
		On exit  : 
		Unchanged: 
 Data sizes:     COMRAM   BANK0   BANK1   BANK2   BANK3   BANK4   BANK5   BANK6   BANK7
      Params:         0       0       0       0       0       0       0       0       0
      Locals:         0       1       0       0       0       0       0       0       0
[...]
      Locals:         0       0       0       0       0       0       0       0       0
      Temps:          0       0       0       0       0       0       0       0       0
      Totals:         0       0       0       0       0       0       0       0       0
Total ram usage:        0 bytes
 Hardware stack levels used:    1
 This function calls:
		Nothing
 This function is called by:
		i2_left
 This function uses a non-reentrant model


 *************** function i2_motor_Backforward2 *****************
 Defined at:
		line 38 in file "motor.c"
 Parameters:    Size  Location     Type
		None
 Auto vars:     Size  Location     Type
		None
 Return value:  Size  Location     Type
                  2    0[COMRAM] int 
 Registers used:
		None
 Tracked objects:
		On entry : 
		On exit  : 
		Unchanged: 
 Data sizes:     COMRAM   BANK0   BANK1   BANK2   BANK3   BANK4   BANK5   BANK6   BANK7
      Params:         0       0       0       0       0       0       0       0       0
      Locals:         0       0       0       0       0       0       0       0       0
      Temps:          0       0       0       0       0       0       0       0       0
      Totals:         0       0       0       0       0       0       0       0       0
Total ram usage:        0 bytes
 Hardware stack levels used:    1
 This function calls:
		Nothing
 This function is called by:
		i2_left
 This function uses a non-reentrant model


 *************** function i2_go_straight *****************
 Defined at:
		line 118 in file "cny70.c"
 Parameters:    Size  Location     Type
		None
 Auto vars:     Size  Location     Type
		None
 Return value:  Size  Location     Type
		None               void
 Registers used:
		wreg, status,2, status,0, cstack
 Tracked objects:
		On entry : 
		On exit  : 
		Unchanged: 
 Data sizes:     COMRAM   BANK0   BANK1   BANK2   BANK3   BANK4   BANK5   BANK6   BANK7
      Params:         0       0       0       0       0       0       0       0       0
      Locals:         0       0       0       0       0       0       0       0       0
      Temps:          0       0       0       0       0       0       0       0       0
      Totals:         0       0       0       0       0       0       0       0       0
Total ram usage:        0 bytes
 Hardware stack levels used:    1
 Hardware stack levels required when called:    3
 This function calls:
		i2_PWM_DutyCycle1
		i2_PWM_DutyCycle2
		i2_motor_forward
 This function is called by:
		_TMRO_USART
 This function uses a non-reentrant model


 *************** function i2_motor_forward *****************
 Defined at:
		line 47 in file "motor.c"
 Parameters:    Size  Location     Type
		None
 Auto vars:     Size  Location     Type
		None
 Return value:  Size  Location     Type
		None               void
 Registers used:
		None
 Tracked objects:
		On entry : 
		On exit  : 
		Unchanged: 
 Data sizes:     COMRAM   BANK0   BANK1   BANK2   BANK3   BANK4   BANK5   BANK6   BANK7
      Params:         0       0       0       0       0       0       0       0       0
      Locals:         0       0       0       0       0       0       0       0       0
      Temps:          0       0       0       0       0       0       0       0       0
      Totals:         0       0       0       0       0       0       0       0       0
Total ram usage:        0 bytes
 Hardware stack levels used:    1
 This function calls:
		Nothing
 This function is called by:
		i2_go_straight
 This function uses a non-reentrant model


 *************** function i2_PWM_DutyCycle2 *****************
 Defined at:
		line 55 in file "pwm.c"
 Parameters:    Size  Location     Type
  percentageDu    1    wreg     unsigned char 
 Auto vars:     Size  Location     Type
  percentageDu    1   48[COMRAM] unsigned char 
  PWM_DutyCycl    2   49[COMRAM] unsigned int 
  PWM_DutyCycl    2   46[COMRAM] unsigned int 
 Return value:  Size  Location     Type
		None               void
 Registers used:
		wreg, status,2, status,0, cstack
 Tracked objects:
		On entry : 
		On exit  : 
		Unchanged: 
 Data sizes:     COMRAM   BANK0   BANK1   BANK2   BANK3   BANK4   BANK5   BANK6   BANK7
      Params:         0       0       0       0       0       0       0       0       0
      Locals:         5       0       0       0       0       0       0       0       0
      Temps:          4       0       0       0       0       0       0       0       0
      Totals:         9       0       0       0       0       0       0       0       0
Total ram usage:        9 bytes
 Hardware stack levels used:    1
 Hardware stack levels required when called:    2
 This function calls:
		i2_SetDCPWM2
		i2___ftmul
		i2___fttol
		i2___lbtoft
 This function is called by:
		i2_right
		i2_left
		i2_go_straight
 This function uses a non-reentrant model


 *************** function i2_SetDCPWM2 *****************
 Defined at:
		line 7 in file "C:\Program Files\Microchip\xc8\v1.33\sources\pic18\plib\PWM\pw2setdc.c"
 Parameters:    Size  Location     Type
  dutycycle       2    0[COMRAM] unsigned int 
 Auto vars:     Size  Location     Type
  SetDCPWM2       2    4[COMRAM] struct PWMDC
 Return value:  Size  Location     Type
		None               void
 Registers used:
		wreg, status,2, status,0
 Tracked objects:
		On entry : 
		On exit  : 
		Unchanged: 
 Data sizes:     COMRAM   BANK0   BANK1   BANK2   BANK3   BANK4   BANK5   BANK6   BANK7
      Params:         2       0       0       0       0       0       0       0       0
      Locals:         2       0       0       0       0       0       0       0       0
      Temps:          2       0       0       0       0       0       0       0       0
      Totals:         6       0       0       0       0       0       0       0       0
Total ram usage:        6 bytes
 Hardware stack levels used:    1
 This function calls:
		Nothing
 This function is called by:
		i2_PWM_DutyCycle2
 This function uses a non-reentrant model


 *************** function i2_PWM_DutyCycle1 *****************
 Defined at:
		line 33 in file "pwm.c"
 Parameters:    Size  Location     Type
  percentageDu    1    wreg     unsigned char 
 Auto vars:     Size  Location     Type
  percentageDu    1   48[COMRAM] unsigned char 
  PWM_DutyCycl    2   49[COMRAM] unsigned int 
  PWM_DutyCycl    2   46[COMRAM] unsigned int 
 Return value:  Size  Location     Type
		None               void
 Registers used:
		wreg, status,2, status,0, cstack
 Tracked objects:
		On entry : 
		On exit  : 
		Unchanged: 
 Data sizes:     COMRAM   BANK0   BANK1   BANK2   BANK3   BANK4   BANK5   BANK6   BANK7
      Params:         0       0       0       0       0       0       0       0       0
      Locals:         5       0       0       0       0       0       0       0       0
      Temps:          4       0       0       0       0       0       0       0       0
      Totals:         9       0       0       0       0       0       0       0       0
Total ram usage:        9 bytes
 Hardware stack levels used:    1
 Hardware stack levels required when called:    2
 This function calls:
		i2_SetDCPWM1
		i2___ftmul
		i2___fttol
		i2___lbtoft
 This function is called by:
		i2_right
		i2_left
		i2_go_straight
 This function uses a non-reentrant model


 *************** function i2___lbtoft *****************
 Defined at:
		line 27 in file "C:\Program Files\Microchip\xc8\v1.33\sources\common\lbtoft.c"
 Parameters:    Size  Location     Type
  c               1    wreg     unsigned char 
 Auto vars:     Size  Location     Type
  c               1   11[COMRAM] unsigned char 
 Return value:  Size  Location     Type
                  3    8[COMRAM] float 
 Registers used:
		wreg, status,2, status,0, cstack
 Tracked objects:
		On entry : 
		On exit  : 
		Unchanged: 
 Data sizes:     COMRAM   BANK0   BANK1   BANK2   BANK3   BANK4   BANK5   BANK6   BANK7
      Params:         3       0       0       0       0       0       0       0       0
      Locals:         1       0       0       0       0       0       0       0       0
      Temps:          0       0       0       0       0       0       0       0       0
      Totals:         4       0       0       0       0       0       0       0       0
Total ram usage:        4 bytes
 Hardware stack levels used:    1
 Hardware stack levels required when called:    1
 This function calls:
		i2___ftpack
 This function is called by:
		i2_PWM_DutyCycle1
		i2_PWM_DutyCycle2
 This function uses a non-reentrant model


 *************** function i2___fttol *****************
 Defined at:
		line 44 in file "C:\Program Files\Microchip\xc8\v1.33\sources\common\fttol.c"
 Parameters:    Size  Location     Type
  f1              3   27[COMRAM] float 
 Auto vars:     Size  Location     Type
  __fttol         4   37[COMRAM] unsigned long 
  __fttol         1   41[COMRAM] unsigned char 
  __fttol         1   36[COMRAM] unsigned char 
 Return value:  Size  Location     Type
                  4   27[COMRAM] long 
 Registers used:
		wreg, status,2, status,0
 Tracked objects:
		On entry : 
		On exit  : 
		Unchanged: 
 Data sizes:     COMRAM   BANK0   BANK1   BANK2   BANK3   BANK4   BANK5   BANK6   BANK7
      Params:         4       0       0       0       0       0       0       0       0
      Locals:         6       0       0       0       0       0       0       0       0
      Temps:          5       0       0       0       0       0       0       0       0
      Totals:        15       0       0       0       0       0       0       0       0
Total ram usage:       15 bytes
 Hardware stack levels used:    1
 This function calls:
		Nothing
 This function is called by:
		i2_PWM_DutyCycle1
		i2_PWM_DutyCycle2
 This function uses a non-reentrant model


 *************** function i2___ftmul *****************
 Defined at:
		line 62 in file "C:\Program Files\Microchip\xc8\v1.33\sources\common\ftmul.c"
 Parameters:    Size  Location     Type
  f1              3   12[COMRAM] float 
  f2              3   15[COMRAM] float 
 Auto vars:     Size  Location     Type
  __ftmul         3   22[COMRAM] unsigned um
  __ftmul         1   26[COMRAM] unsigned char 
  __ftmul         1   25[COMRAM] unsigned char 
  __ftmul         1   21[COMRAM] unsigned char 
 Return value:  Size  Location     Type
                  3   12[COMRAM] float 
 Registers used:
		wreg, status,2, status,0, cstack
 Tracked objects:
		On entry : 
		On exit  : 
		Unchanged: 
 Data sizes:     COMRAM   BANK0   BANK1   BANK2   BANK3   BANK4   BANK5   BANK6   BANK7
      Params:         6       0       0       0       0       0       0       0       0
      Locals:         6       0       0       0       0       0       0       0       0
      Temps:          3       0       0       0       0       0       0       0       0
      Totals:        15       0       0       0       0       0       0       0       0
Total ram usage:       15 bytes
 Hardware stack levels used:    1
 Hardware stack levels required when called:    1
 This function calls:
		i2___ftpack
 This function is called by:
		i2_PWM_DutyCycle1
		i2_PWM_DutyCycle2
 This function uses a non-reentrant model


 *************** function i2___ftpack *****************
 Defined at:
		line 62 in file "C:\Program Files\Microchip\xc8\v1.33\sources\common\float.c"
 Parameters:    Size  Location     Type
  arg             3    0[COMRAM] unsigned um
  exp             1    3[COMRAM] unsigned char 
  sign            1    4[COMRAM] unsigned char 
 Auto vars:     Size  Location     Type
		None
 Return value:  Size  Location     Type
                  3    0[COMRAM] float 
 Registers used:
		wreg, status,2, status,0
 Tracked objects:
		On entry : 
		On exit  : 
		Unchanged: 
 Data sizes:     COMRAM   BANK0   BANK1   BANK2   BANK3   BANK4   BANK5   BANK6   BANK7
      Params:         5       0       0       0       0       0       0       0       0
      Locals:         0       0       0       0       0       0       0       0       0
      Temps:          3       0       0       0       0       0       0       0       0
      Totals:         8       0       0       0       0       0       0       0       0
Total ram usage:        8 bytes
 Hardware stack levels used:    1
 This function calls:
		Nothing
 This function is called by:
		i2___ftmul
		i2___lbtoft
 This function uses a non-reentrant model


 *************** function i2_SetDCPWM1 *****************
 Defined at:
		line 7 in file "C:\Program Files\Microchip\xc8\v1.33\sources\pic18\plib\PWM\pw1setdc.c"
 Parameters:    Size  Location     Type
  dutycycle       2    0[COMRAM] unsigned int 
 Auto vars:     Size  Location     Type
  SetDCPWM1       2    4[COMRAM] struct PWMDC
 Return value:  Size  Location     Type
		None               void
 Registers used:
		wreg, status,2, status,0
 Tracked objects:
		On entry : 
		On exit  : 
		Unchanged: 
 Data sizes:     COMRAM   BANK0   BANK1   BANK2   BANK3   BANK4   BANK5   BANK6   BANK7
      Params:         2       0       0       0       0       0       0       0       0
      Locals:         2       0       0       0       0       0       0       0       0
      Temps:          2       0       0       0       0       0       0       0       0
      Totals:         6       0       0       0       0       0       0       0       0
Total ram usage:        6 bytes
 Hardware stack levels used:    1
 This function calls:
		Nothing
 This function is called by:
		i2_PWM_DutyCycle1
 This function uses a non-reentrant model


 *************** function _ReadUSART *****************
 Defined at:
		line 15 in file "C:\Program Files\Microchip\xc8\v1.33\sources\pic18\plib\USART\uread.c"
 Parameters:    Size  Location     Type
		None
 Auto vars:     Size  Location     Type
  data            1    0[COMRAM] unsigned char 
 Return value:  Size  Location     Type
                  1    wreg      unsigned char 
 Registers used:
		wreg, status,2, status,0
 Tracked objects:
		On entry : 
		On exit  : 
		Unchanged: 
 Data sizes:     COMRAM   BANK0   BANK1   BANK2   BANK3   BANK4   BANK5   BANK6   BANK7
      Params:         0       0       0       0       0       0       0       0       0
      Locals:         1       0       0       0       0       0       0       0       0
      Temps:          0       0       0       0       0       0       0       0       0
      Totals:         1       0       0       0       0       0       0       0       0
Total ram usage:        1 bytes
 Hardware stack levels used:    1
 This function calls:
		Nothing
 This function is called by:
		_TMRO_USART
 This function uses a non-reentrant model



MODULE INFORMATION

Module		Function		Class		Link	Load	Size
Bluetooth.c
		_SendBlueToothC		CODE           	1D2A	0000	26
		_putcBluetoothS		CODE           	152A	0000	136
		_putcBluetoothI		CODE           	15B2	0000	134
		_clrBufferUSART		CODE           	1BB2	0000	68
		_BT_Init       		CODE           	126C	0000	206

Bluetooth.c estimated size: 570

C:\Program Files\Microchip\xc8\v1.33\sources\pic18\plib\PWM\pw1setdc.c
		_SetDCPWM1     		CODE           	1AE0	0000	72

C:\Program Files\Microchip\xc8\v1.33\sources\pic18\plib\PWM\pw1setdc.c estimated size: 72

C:\Program Files\Microchip\xc8\v1.33\sources\pic18\plib\PWM\pw1open.c
		_OpenPWM1      		CODE           	1DB2	0000	20

C:\Program Files\Microchip\xc8\v1.33\sources\pic18\plib\PWM\pw1open.c estimated size: 20

C:\Program Files\Microchip\xc8\v1.33\sources\common\ftmul.c
		___ftmul       		CODE           	0A3C	0000	356

C:\Program Files\Microchip\xc8\v1.33\sources\common\ftmul.c estimated size: 356

Retardos.c
		_Pause_seg     		CODE           	1972	0000	100
		_Pause_ms      		CODE           	1B28	0000	70

Retardos.c estimated size: 170

C:\Program Files\Microchip\xc8\v1.33\sources\common\lbtoft.c
		___lbtoft      		CODE           	1C6A	0000	50

C:\Program Files\Microchip\xc8\v1.33\sources\common\lbtoft.c estimated size: 50

C:\Program Files\Microchip\xc8\v1.33\sources\common\lwdiv.c
		___lwdiv       		CODE           	17B0	0000	120

C:\Program Files\Microchip\xc8\v1.33\sources\common\lwdiv.c estimated size: 120

pwm.c
		_PWM_DutyCycle1		CODE           	1734	0000	124
		_PWM_DutyCycle2		CODE           	16B8	0000	124
		_PWM_init1     		CODE           	1CC2	0000	38
		_PWM_init2     		CODE           	1C9C	0000	38

pwm.c estimated size: 324

C:\Program Files\Microchip\xc8\v1.33\sources\common\fttol.c
		___fttol       		CODE           	0BA0	0000	330

C:\Program Files\Microchip\xc8\v1.33\sources\common\fttol.c estimated size: 330

motor.c
		_motor_Backforw		CODE           	1E3C	0000	6
		_motor_Backforw		CODE           	1E48	0000	6
		_motor_forward 		CODE           	1E22	0000	10
		_motor_forward1		CODE           	1E36	0000	6
		_motor_forward2		CODE           	1E42	0000	6

motor.c estimated size: 34

Funciones_Db.c
		_Comando_Tablet		CODE           	1828	0000	118
		_Inicializa_Dri		CODE           	10C0	0000	216

Funciones_Db.c estimated size: 334

C:\Program Files\Microchip\xc8\v1.33\sources\pic18\plib\USART\uopen.c
		_OpenUSART     		CODE           	1638	0000	128

C:\Program Files\Microchip\xc8\v1.33\sources\pic18\plib\USART\uopen.c estimated size: 128

shared
		i2_motor_forwar		CODE           	1E2C	0000	10
		i2___lbtoft    		CODE           	1CE8	0000	36
		i2_PWM_DutyCycl		CODE           	1908	0000	106
		__stringdata   		SMALLCONST     	080B	0000	95
		i2_PWM_DutyCycl		CODE           	189E	0000	106
		i2___fttol     		CODE           	1198	0000	212
		_dpowers       		SMALLCONST     	0801	0000	10
		i2_motor_forwar		CODE           	1E4E	0000	6
		i2_motor_forwar		CODE           	1E5A	0000	6
		i2___ftmul     		CODE           	0FDC	0000	228
		i2_SetDCPWM1   		CODE           	1C30	0000	58
		i2_SetDCPWM2   		CODE           	1BF6	0000	58
		i2___ftpack    		CODE           	13F8	0000	168
		i2_left        		CODE           	1D9C	0000	22
		__initializatio		CODE           	19D6	0000	92
		i2_go_straight 		CODE           	1E10	0000	18
		i2_motor_Backfo		CODE           	1E54	0000	6
		i2_motor_Backfo		CODE           	1E60	0000	6
		i2_right       		CODE           	1D86	0000	22

shared estimated size: 1265

C:\Program Files\Microchip\xc8\v1.33\sources\pic18\plib\USART\uwrite.c
		_WriteUSART    		CODE           	1DC6	0000	20

C:\Program Files\Microchip\xc8\v1.33\sources\pic18\plib\USART\uwrite.c estimated size: 20

UART1.c
		_UART1_Init    		CODE           	1D44	0000	22
		_putcTxU1      		CODE           	1DEC	0000	18
		_putSTRINGU1   		CODE           	133A	0000	190

UART1.c estimated size: 230

robot.c
		_main          		CODE           	14A0	0000	138
		_TMRO_USART    		CODE           	0008	0000	4052

robot.c estimated size: 4190

C:\Program Files\Microchip\xc8\v1.33\sources\common\doprnt.c
		_sprintf       		CODE           	086C	0000	464

C:\Program Files\Microchip\xc8\v1.33\sources\common\doprnt.c estimated size: 464

C:\Program Files\Microchip\xc8\v1.33\sources\pic18\plib\PWM\pw2setdc.c
		_SetDCPWM2     		CODE           	1A98	0000	72

C:\Program Files\Microchip\xc8\v1.33\sources\pic18\plib\PWM\pw2setdc.c estimated size: 72

C:\Program Files\Microchip\xc8\v1.33\sources\pic18\plib\USART\uread.c
		_ReadUSART     		CODE           	1D0C	0000	30

C:\Program Files\Microchip\xc8\v1.33\sources\pic18\plib\USART\uread.c estimated size: 30

C:\Program Files\Microchip\xc8\v1.33\sources\common\float.c
		___ftpack      		CODE           	0CEA	0000	266

C:\Program Files\Microchip\xc8\v1.33\sources\common\float.c estimated size: 266

C:\Program Files\Microchip\xc8\v1.33\sources\pic18\plib\PWM\pw2open.c
		_OpenPWM2      		CODE           	1B6E	0000	68

C:\Program Files\Microchip\xc8\v1.33\sources\pic18\plib\PWM\pw2open.c estimated size: 68

cny70.c
		_getCNY70Value 		CODE           	0DF4	0000	244
		_go_straight   		CODE           	1DFE	0000	18
		_left          		CODE           	1D70	0000	22
		_right         		CODE           	1D5A	0000	22

cny70.c estimated size: 306

C:\Program Files\Microchip\xc8\v1.33\sources\common\lwmod.c
		___lwmod       		CODE           	1A38	0000	96

C:\Program Files\Microchip\xc8\v1.33\sources\common\lwmod.c estimated size: 96

